humility: attached to dump
humility: stack unwind failed: task Task(1) not present in image 
