humility: attached to dump
humility: unknown region for SP 0x0000000020000ea0
