humility: attached to dump
humility: stack unwind failed: task Task(2) not present in image 
