  MSTATUS = 0x0000000a00000000 <- 0000_0000_0000_0000_0000_0000_0000_1010_0000_0000_0000_0000_0000_0000_0000_0000
                                                                          |          ||| |||  | |  | || |||  | |
                                                                          |          ||| |||  | |  | || |||  | +- SIE = 0
                                                                          |          ||| |||  | |  | || |||  +--- MIE = 0
                                                                          |          ||| |||  | |  | || ||+------ SPIE = 0
                                                                          |          ||| |||  | |  | || |+------- UBE = 0
                                                                          |          ||| |||  | |  | || +-------- MPIE = 0
                                                                          |          ||| |||  | |  | |+---------- SPP = 0
                                                                          |          ||| |||  | |  | +----------- VS = 0x0
                                                                          |          ||| |||  | |  +------------- MPP = 0x0
                                                                          |          ||| |||  | +---------------- FS = 0x0
                                                                          |          ||| |||  +------------------ XS = 0x0
                                                                          |          ||| ||+--------------------- MPRV = 0
                                                                          |          ||| |+---------------------- SUM = 0
                                                                          |          ||| +----------------------- MXR = 0
                                                                          |          ||+------------------------- TVM = 0
                                                                          |          |+-------------------------- TW = 0
                                                                          |          +--------------------------- TSR = 0
                                                                          +-------------------------------------- SD = 0

     MISA = 0x80000000001411ad
  MEDELEG = 0x0000000000000000
  MIDELEG = 0x0000000000000000
      MIE = 0x0000000000000080 <- 0000_0000_0000_0000_0000_0000_0000_0000_0000_0000_0000_0000_0000_0000_1000_0000
                                                                                                   | |  | |  | |
                                                                                                   | |  | |  | +- SSIE = 0
                                                                                                   | |  | |  +--- MSIE = 0
                                                                                                   | |  | +------ STIE = 0
                                                                                                   | |  +-------- MTIE = 1
                                                                                                   | +----------- SEIE = 0
                                                                                                   +------------- MEIE = 0

    MTVEC = 0x0000000090000558 <- 0000_0000_0000_0000_0000_0000_0000_0000_1001_0000_0000_0000_0000_0101_0101_1000
                                                                                                                |
                                                                                                                + mode = 0x0

 MSCRATCH = 0x0000000090004d88 <- kernel: HUBRIS_TASK_TABLE_SPACE+0x168
     MEPC = 0x000000009000e928 <- pong: sys_recv_stub+0x8
   MCAUSE = 0x0000000000000008 <- 0000_0000_0000_0000_0000_0000_0000_0000_0000_0000_0000_0000_0000_0000_0000_1000
                                                                          |
                                                                          +-------------------------------------- INTERRUPT = 0

    MTVAL = 0x0000000000000000
      MIP = 0x0000000000000080 <- 0000_0000_0000_0000_0000_0000_0000_0000_0000_0000_0000_0000_0000_0000_1000_0000
                                                                                                   | |  | |  | |
                                                                                                   | |  | |  | +- SSIP = 0
                                                                                                   | |  | |  +--- MSIP = 0
                                                                                                   | |  | +------ STIP = 0
                                                                                                   | |  +-------- MTIP = 1
                                                                                                   | +----------- SEIP = 0
                                                                                                   +------------- MEIP = 0

  PMPCFG0 = 0x0000000000000f00
  PMPCFG2 = 0x0000000000000000
 PMPADDR0 = 0x0000000024003800
 PMPADDR1 = 0x0000000024003c00
 PMPADDR2 = 0x0000000000000000
 PMPADDR3 = 0x0000000000000000
 PMPADDR4 = 0x0000000000000000
 PMPADDR5 = 0x0000000000000000
 PMPADDR6 = 0x0000000000000000
 PMPADDR7 = 0x0000000000000000
 PMPADDR8 = 0x0000000000000000
 PMPADDR9 = 0x0000000000000000
PMPADDR10 = 0x0000000000000000
PMPADDR11 = 0x0000000000000000
PMPADDR12 = 0x0000000000000000
PMPADDR13 = 0x0000000000000000
PMPADDR14 = 0x0000000000000000
PMPADDR15 = 0x0000000000000000
       PC = 0x0000000090003c80 <- kernel: write_tor_indexed+0x20
     ZERO = 0x0000000000000000
       RA = 0x0000000090001c46 <- kernel: activate_next_task+0x84
       SP = 0x000000009000e5d0 <- pong: 0x9000e000+0x5d0
       GP = 0x0000000000000000
       TP = 0x0000000000000000
       T0 = 0x000000009000e9a8 <- pong: 0x9000e000+0x9a8
       T1 = 0x00000000900018c0 <- kernel: can_access<u8>+0x10
       T2 = 0x000000009000e9a8 <- pong: 0x9000e000+0x9a8
       S0 = 0x000000000000000f
       S1 = 0x0000000000000001
       A0 = 0x0000000090003c80 <- kernel: write_tor_indexed+0x20
       A1 = 0x000000009000c000 <- ping: 0x9000c000+0x0
       A2 = 0x00000000900044c8 <- kernel: 0x900042d0+0x1f8
       A3 = 0xffffffffffffffff
       A4 = 0x0000000000000000
       A5 = 0x0000000000000f00
       A6 = 0x0000000000000000
       A7 = 0x0000000000000001
       S2 = 0x0000000090004ef0 <- kernel: HUBRIS_TASK_TABLE_SPACE+0x2d0
       S3 = 0x0000000000000000
       S4 = 0x0000000090005240 <- kernel: HUBRIS_REGION_TABLE_SPACE+0x80
       S5 = 0x0000000000000010
       S6 = 0x0000000000000020
       S7 = 0x0000000090004300 <- kernel: 0x900042d0+0x30
       S8 = 0x0000000090004c20 <- kernel: HUBRIS_TASK_TABLE_SPACE+0x0
       S9 = 0x0000000000000168
      S10 = 0x0000000000000007
      S11 = 0x0000000000000001
       T3 = 0x0000000000000000
       T4 = 0x0000000000000000
       T5 = 0x0000000000000000
       T6 = 0x0000000000000000
