MSTATUS = 0x00000080 <- 0000_0000_0000_0000_0000_0000_1000_0000
                      |          ||| |||  | |  | || |||  | |
                      |          ||| |||  | |  | || |||  | +- SIE = 0
                      |          ||| |||  | |  | || |||  +--- MIE = 0
                      |          ||| |||  | |  | || ||+------ SPIE = 0
                      |          ||| |||  | |  | || |+------- UBE = 0
                      |          ||| |||  | |  | || +-------- MPIE = 1
                      |          ||| |||  | |  | |+---------- SPP = 0
                      |          ||| |||  | |  | +----------- VS = 0x0
                      |          ||| |||  | |  +------------- MPP = 0x0
                      |          ||| |||  | +---------------- FS = 0x0
                      |          ||| |||  +------------------ XS = 0x0
                      |          ||| ||+--------------------- MPRV = 0
                      |          ||| |+---------------------- SUM = 0
                      |          ||| +----------------------- MXR = 0
                      |          ||+------------------------- TVM = 0
                      |          |+-------------------------- TW = 0
                      |          +--------------------------- TSR = 0
                      +-------------------------------------- SD = 0

 MISA = 0x40101105
 MEPC = 0x20018694 <- ping: sys_send_stub+0x12
MCAUSE = 0x00000008 <- 0000_0000_0000_0000_0000_0000_0000_1000
                      |
                      +-------------------------------------- INTERRUPT = 0

  MIP = 0x00000080 <- 0000_0000_0000_0000_0000_0000_1000_0000
                                               | |  | |  | |
                                               | |  | |  | +- SSIP = 0
                                               | |  | |  +--- MSIP = 0
                                               | |  | +------ STIP = 0
                                               | |  +-------- MTIP = 1
                                               | +----------- SEIP = 0
                                               +------------- MEIP = 0

PMPCFG0 = 0x0b000d00
PMPCFG1 = 0x00000000
PMPCFG2 = 0x00000000
PMPCFG3 = 0x00000000
PMPADDR0 = 0x08005dec
PMPADDR1 = 0x08005e60
PMPADDR2 = 0x20000498
PMPADDR3 = 0x20000578
PMPADDR4 = 0x00000000
PMPADDR5 = 0x00000008
PMPADDR6 = 0x00000000
PMPADDR7 = 0x00000008
PMPADDR8 = 0x00000000
PMPADDR9 = 0x00000000
PMPADDR10 = 0x00000000
PMPADDR11 = 0x00000000
PMPADDR12 = 0x00000000
PMPADDR13 = 0x00000000
PMPADDR14 = 0x00000000
PMPADDR15 = 0x00000000
 DCSR = 0x400000c3 <- 0100_0000_0000_0000_0000_0000_1100_0011
                         |             || | || |||   ||| || |
                         |             || | || |||   ||| || + priv = 0x3
                         |             || | || |||   ||| |+-- step = 0
                         |             || | || |||   ||| +--- nmip = 0
                         |             || | || |||   ||+----- mprven = 0
                         |             || | || |||   |+------ v = 0
                         |             || | || |||   +------- cause = 0x3
                         |             || | || ||+----------- stoptime = 0
                         |             || | || |+------------ spotcount = 0
                         |             || | || +------------- stepie = 0
                         |             || | |+--------------- ebreaku = 0
                         |             || | +---------------- ebreaks = 0
                         |             || +------------------ ebreakm = 0
                         |             |+-------------------- ebreakvu = 0
                         |             +--------------------- ebreakvs = 0
                         +----------------------------------- debugver = 0x4

   PC = 0x20012b78 <- kernel: set_cfg_entry+0x26
 ZERO = 0x00000000
   RA = 0x20010e52 <- kernel: apply_memory_protection+0x94
   SP = 0x800010a0 <- ping: 0x80000fe0+0xc0
   GP = 0x00000000
   TP = 0x00000000
   T0 = 0x80001260 <- pong: 0x80001260+0x0
   T1 = 0x200131ba <- kernel: memcpy+0x0
   T2 = 0x800011e0 <- ping: PANIC_BUFFER+0x0
   S0 = 0x00000009
   S1 = 0x00000000
   A0 = 0x00000001
   A1 = 0x00000000
   A2 = 0x20012bca <- kernel: set_cfg_entry+0x78
   A3 = 0x200133b4 <- kernel: 0x200132e0+0xd4
   A4 = 0x00000000
   A5 = 0x00000000
   A6 = 0x800015a8 <- pong: 0x80001260+0x348
   A7 = 0x0000001c
   S2 = 0x00000008
   S3 = 0x80000768 <- kernel: HUBRIS_REGION_TABLE_SPACE+0x30
   S4 = 0x00000010
   S5 = 0x00000020
   S6 = 0x200132f4 <- kernel: 0x200132e0+0x14
   S7 = 0x00000000
   S8 = 0x00000000
   S9 = 0x00000000
  S10 = 0x00000000
  S11 = 0x00000002
   T3 = 0x00000000
   T4 = 0x00000000
   T5 = 0x00000000
   T6 = 0x00000000
