  MSTATUS = 0x00000000 <- 0000_0000_0000_0000_0000_0000_0000_0000
                          |          ||| |||  | |  | || |||  | |
                          |          ||| |||  | |  | || |||  | +- SIE = 0
                          |          ||| |||  | |  | || |||  +--- MIE = 0
                          |          ||| |||  | |  | || ||+------ SPIE = 0
                          |          ||| |||  | |  | || |+------- UBE = 0
                          |          ||| |||  | |  | || +-------- MPIE = 0
                          |          ||| |||  | |  | |+---------- SPP = 0
                          |          ||| |||  | |  | +----------- VS = 0x0
                          |          ||| |||  | |  +------------- MPP = 0x0
                          |          ||| |||  | +---------------- FS = 0x0
                          |          ||| |||  +------------------ XS = 0x0
                          |          ||| ||+--------------------- MPRV = 0
                          |          ||| |+---------------------- SUM = 0
                          |          ||| +----------------------- MXR = 0
                          |          ||+------------------------- TVM = 0
                          |          |+-------------------------- TW = 0
                          |          +--------------------------- TSR = 0
                          +-------------------------------------- SD = 0

     MISA = 0x40101105
  MEDELEG = 0x00000000
  MIDELEG = 0x00000000
      MIE = 0x00000080 <- 0000_0000_0000_0000_0000_0000_1000_0000
                                                   | |  | |  | |
                                                   | |  | |  | +- SSIE = 0
                                                   | |  | |  +--- MSIE = 0
                                                   | |  | +------ STIE = 0
                                                   | |  +-------- MTIE = 1
                                                   | +----------- SEIE = 0
                                                   +------------- MEIE = 0

    MTVEC = 0x20010144 <- 0010_0000_0000_0001_0000_0001_0100_0100
                                                                |
                                                                + mode = 0x0

 MSTATUSH = 0x00000000 <- 0000_0000_0000_0000_0000_0000_0000_0000
                                                           | |
                                                           | +--- MBE = 0
                                                           +----- SBE = 0

 MSCRATCH = 0x00010001
     MEPC = 0x20018680 <- ping: sys_send_stub+0x12
   MCAUSE = 0x00000008 <- 0000_0000_0000_0000_0000_0000_0000_1000
                          |
                          +-------------------------------------- INTERRUPT = 0

    MTVAL = 0x00000000
      MIP = 0x00000000 <- 0000_0000_0000_0000_0000_0000_0000_0000
                                                   | |  | |  | |
                                                   | |  | |  | +- SSIP = 0
                                                   | |  | |  +--- MSIP = 0
                                                   | |  | +------ STIP = 0
                                                   | |  +-------- MTIP = 0
                                                   | +----------- SEIP = 0
                                                   +------------- MEIP = 0

  PMPCFG0 = 0x0b000d00
  PMPCFG1 = 0x00000000
  PMPCFG2 = 0x00000000
  PMPCFG3 = 0x00000000
 PMPADDR0 = 0x08005df8
 PMPADDR1 = 0x08005e6c
 PMPADDR2 = 0x20000498
 PMPADDR3 = 0x20000578
 PMPADDR4 = 0x00000000
 PMPADDR5 = 0x00000008
 PMPADDR6 = 0x00000000
 PMPADDR7 = 0x00000008
 PMPADDR8 = 0x00000000
 PMPADDR9 = 0x00000008
PMPADDR10 = 0x00000000
PMPADDR11 = 0x00000008
PMPADDR12 = 0x00000000
PMPADDR13 = 0x00000008
PMPADDR14 = 0x00000000
PMPADDR15 = 0x00000008
       PC = 0x20010f40 <- kernel: activate_next_task+0x9e
     ZERO = 0x00000000
       RA = 0x20010f40 <- kernel: activate_next_task+0x9e
       SP = 0x800010a0 <- ping: 0x80000fe0+0xc0
       GP = 0x00000000
       TP = 0x00000000
       T0 = 0x80001260 <- pong: 0x80001260+0x0
       T1 = 0x2001332e <- kernel: memcpy+0x0
       T2 = 0x800011e0 <- ping: PANIC_BUFFER+0x0
       S0 = 0x00000000
       S1 = 0x00000007
       A0 = 0x00000000
       A1 = 0x00000000
       A2 = 0xffffffff
       A3 = 0xffffffff
       A4 = 0x00000000
       A5 = 0x00000000
       A6 = 0x800015a8 <- pong: 0x80001260+0x348
       A7 = 0x0000001c
       S2 = 0x800004e0 <- kernel: HUBRIS_TASK_TABLE_SPACE+0xc8
       S3 = 0x00000006
       S4 = 0x00000010
       S5 = 0x00000020
       S6 = 0x20013478 <- kernel: 0x20013460+0x18
       S7 = 0x80000764 <- kernel: HUBRIS_REGION_TABLE_SPACE+0x2c
       S8 = 0x80000768 <- kernel: HUBRIS_REGION_TABLE_SPACE+0x30
       S9 = 0x00000000
      S10 = 0x00000000
      S11 = 0x00000002
       T3 = 0x00000000
       T4 = 0x00000000
       T5 = 0x00000000
       T6 = 0x00000000
