humility qemu failed: must provide a Hubris archive or dump
