MODULE             VARIABLE                       ADDR       SIZE
kernel             CLOCK_FREQ_KHZ                 0x90004c10 4
kernel             HSTDOUT                        0x900052c0 16
kernel             HUBRIS_IMAGE_ID                0x90004900 8
kernel             HUBRIS_REGION_DESCS            0x90004988 120
kernel             HUBRIS_REGION_TABLE_SPACE      0x900051c0 256
kernel             HUBRIS_TASK_DESCS              0x90004908 128
kernel             HUBRIS_TASK_TABLE_SPACE        0x90004c20 1440
kernel             TASK_TABLE_IN_USE              0x90004c08 1
kernel             TICKS                          0x90004c18 8
kernel             __INTERRUPTS                   0x90004b50 96
jefe               HSTDOUT                        0x9000b220 16
jefe               JEFE_EXTERNAL_ERRORS           0x9000b1d4 4
jefe               JEFE_EXTERNAL_KICK             0x9000b1cc 4
jefe               JEFE_EXTERNAL_READY            0x9000b1c0 4
jefe               JEFE_EXTERNAL_REQUEST          0x9000b1c4 4
jefe               JEFE_EXTERNAL_REQUESTS         0x9000b1d0 4
jefe               JEFE_EXTERNAL_TASKINDEX        0x9000b1c8 4
jefe               __RINGBUF                      0x9000b1d8 72
ping               PANIC_BUFFER                   0x9000dc38 128
ping               PEER                           0x9000da1a 2
