humility: attached to dump
humility pmp failed: `humility pmp` only supports riscv
