DESC      LOW          HIGH          SIZE ATTR  MODE 
pmpaddr01 0x200177e0 - 0x200179af     1cf r-x-  TOR
pmpaddr03 0x80001260 - 0x800015df     37f rw--  TOR
