DESC      LOW          HIGH          SIZE ATTR  MODE 
pmpaddr01 0x200177b0 - 0x2001797f     1cf r-x-  TOR
pmpaddr03 0x80001260 - 0x800015df     37f rw--  TOR
