humility pmp failed: must provide a Hubris archive or dump
