DESC       LOW          HIGH          SIZE ATTR  ID TASK
-          0x20010000 - 0x20013459   13KiB r-x-- -  kernel
-          0x20013460 - 0x2001399f    1KiB r---- -  kernel
0x200137d4 0x20014000 - 0x2001774f   13KiB r-x-- 0  jefe
0x2001381c 0x20017750 - 0x200177df     144 r-x-- 3  idle
0x200137ec 0x200177e0 - 0x200179af     464 r-x-- 1  pong
0x20013804 0x200179b0 - 0x20018b7f    4KiB r-x-- 2  ping
-          0x80000000 - 0x800003ff    1KiB rw--- -  kernel
-          0x80000400 - 0x800007b7     952 rw--- -  kernel
0x200137e0 0x80000800 - 0x80000edf    1KiB rw--- 0  jefe
0x20013828 0x80000ee0 - 0x80000fdf     256 rw--- 3  idle
0x20013810 0x80000fe0 - 0x8000125f     640 rw--- 2  ping
0x200137f8 0x80001260 - 0x800015df     896 rw--- 1  pong
