humility: attached to dump
humility: ringbuf dump failed: not a struct: Base(U8(56))
