humility: ring buffer ringbuf::stringbuf::LOG__STRINGBUF in jefe:
humility: ring buffer task_jefe::external::__RINGBUF in jefe:
