name = "demo-rv64-qemu-virt"
target = "riscv64imac-unknown-none-elf"
board = "rv64-qemu-virt"
chip = "../../chips/rv64-qemu-virt"
stacksize = 2048

[kernel]
name = "demo-rv64-qemu-virt"
requires = { flash = 20480, ram = 32768 }
features = []

[tasks.jefe]
name = "task-jefe"
priority = 0
max-sizes = { flash = 16384, ram = 16384 }
start = true
features = ["semihosting-riscv"]

[tasks.pong]
name = "task-pong"
priority = 3
max-sizes = { flash = 8192, ram = 8192 }
start = true

[tasks.ping]
name = "task-ping"
priority = 4
max-sizes = { flash = 8192, ram = 8192 }
start = true
task-slots = [{peer = "pong"}]

[tasks.idle]
name = "task-idle"
priority = 5
max-sizes = { flash = 256, ram = 4096 }
start = true
