MODULE             BUFFER                         ADDR       SIZE
jefe               ringbuf::stringbuf::LOG__STRINGBUF 0x00141654 268
