MODULE             BUFFER                         ADDR       SIZE
jefe               ringbuf::stringbuf::LOG__STRINGBUF 0x80000e54 140
