system time = 930
ID TASK                       GEN PRI STATE    
 0 jefe                         0   0 recv, notif: bit0 bit1(T+70)
 1 pong                         0   3 ready
 2 ping                       282   4 wait: reply from pong/gen0
 3 idle                         0   5 ready
