system time = 9125
ID TASK                       GEN PRI STATE    
 0 jefe                         0   0 recv, notif: bit3
 1 pong                         0   3 recv, notif: bit4
 2 ping                       180   4 ready
 3 idle                         0   5 ready
