humility: ring buffer ringbuf::stringbuf::LOG__STRINGBUF in jefe:
