humility: attached to dump
humility log failed: no ring buffers found
