humility log failed: must provide a Hubris archive or dump
