humility qemu failed: failed to find 'img/final.bin': specified file not found in archive
