        SIZE NAME
         462 README.TXT
          46 git-rev
         727 app.toml
         248 chip.toml
      345580 elf/task/jefe
       45820 elf/task/pong
      130200 elf/task/ping
       34588 elf/task/idle
      448576 elf/kernel
       70341 img/combined.srec
       36040 img/combined.elf
      100517 img/combined.ihex
       35712 img/combined.bin
       70341 img/final.srec
       36040 img/final.elf
      100517 img/final.ihex
       35712 img/final.bin
         850 img/flash.ron
         503 debug/script.gdb
         582 debug/openocd.cfg
         213 debug/openocd.gdb
         181 debug/qemu.sh
