        SIZE NAME
         462 README.TXT
          40 git-rev
         707 app.toml
           0 chip.toml
      403376 elf/task/jefe
       52216 elf/task/pong
      170184 elf/task/ping
       36184 elf/task/idle
      607912 elf/kernel
      129212 img/combined.srec
       63489 img/combined.elf
      175956 img/combined.ihex
       62544 img/combined.bin
      129212 img/final.srec
       63489 img/final.elf
      175956 img/final.ihex
       62544 img/final.bin
         477 debug/script.gdb
           0 debug/openocd.cfg
         181 debug/openocd.gdb
         187 debug/qemu.sh
